WARNING: Socket <scapy.arch.linux.L2ListenSocket object at 0x7825c9d7ac90> failed with '[Errno 100] Network is down'. It was closed.
Sniffing on eth0 for 30 INT reports (UDP port 24576)...
Captured INT report, sequence 2, 2 hops
Captured INT report, sequence 3, 2 hops
Captured INT report, sequence 4, 2 hops
Captured INT report, sequence 5, 2 hops
Captured INT report, sequence 6, 2 hops
Captured INT report, sequence 7, 2 hops
Captured INT report, sequence 8, 2 hops
Captured INT report, sequence 9, 2 hops
Captured INT report, sequence 10, 2 hops
Captured INT report, sequence 11, 2 hops
Captured INT report, sequence 12, 2 hops
Captured INT report, sequence 13, 2 hops
Captured INT report, sequence 14, 2 hops
Captured INT report, sequence 15, 2 hops
Captured INT report, sequence 16, 2 hops
Captured INT report, sequence 17, 2 hops
Captured INT report, sequence 18, 2 hops
Captured INT report, sequence 19, 2 hops
Captured INT report, sequence 20, 2 hops
Captured INT report, sequence 21, 2 hops
Captured INT report, sequence 22, 2 hops
Captured INT report, sequence 23, 2 hops
Captured INT report, sequence 24, 2 hops
Captured INT report, sequence 25, 2 hops
Captured INT report, sequence 26, 2 hops
Captured INT report, sequence 27, 2 hops
Captured INT report, sequence 28, 2 hops
Captured INT report, sequence 29, 2 hops

Sniffing complete. Saving 28 reports to ../reports/report-incast-topo.json...
Done.
